// Jest Snapshot v1, https://goo.gl/fbAQLP

exports[`DetailsPage component... ... matches snapshot 1`] = `ShallowWrapper {}`;
