// Jest Snapshot v1, https://goo.gl/fbAQLP

exports[`Button component... ...renders without errors 1`] = `ShallowWrapper {}`;
