// Jest Snapshot v1, https://goo.gl/fbAQLP

exports[`Footer component... ...renders without errors 1`] = `ShallowWrapper {}`;
