// Jest Snapshot v1, https://goo.gl/fbAQLP

exports[`WithError component... ... matches snapshot 1`] = `ShallowWrapper {}`;
