// Jest Snapshot v1, https://goo.gl/fbAQLP

exports[`Header component... ...renders without errors 1`] = `ShallowWrapper {}`;
