// Jest Snapshot v1, https://goo.gl/fbAQLP

exports[`MovieDetails component... ... matches snapshot 1`] = `ShallowWrapper {}`;

exports[`MovieDetails component... ...renders without errors 1`] = `ShallowWrapper {}`;
