// Jest Snapshot v1, https://goo.gl/fbAQLP

exports[`LogoBar component... ... matches snapshot 1`] = `ShallowWrapper {}`;
