// Jest Snapshot v1, https://goo.gl/fbAQLP

exports[`SearchPage component... ... matches snapshot 1`] = `ShallowWrapper {}`;
