// Jest Snapshot v1, https://goo.gl/fbAQLP

exports[`Input Component... ... matches snapshot 1`] = `ShallowWrapper {}`;

exports[`Input Component... should matches snapshot 1`] = `ShallowWrapper {}`;

exports[`Input component... ... matches snapshot 1`] = `ShallowWrapper {}`;
