// Jest Snapshot v1, https://goo.gl/fbAQLP

exports[`MovieSearch component... ... matches snapshot 1`] = `ShallowWrapper {}`;

exports[`MovieSearch component... ...renders without errors 1`] = `ShallowWrapper {}`;
