// Jest Snapshot v1, https://goo.gl/fbAQLP

exports[`MovieGrid component... ...renders without errors 1`] = `ShallowWrapper {}`;
